// Jest Snapshot v1, https://goo.gl/fbAQLP

exports[`Test: All input fields are not null 1`] = `
<View>
  <TextInput
    maxLength={40}
    onChangeText={[Function]}
    testID="reminder-title"
    value="Reminder 1"
  />
  <TextInput
    onChangeText={[Function]}
    testID="reminder-date"
    value="Tue Feb 21 2023 12:14:37 GMT-0500 (Eastern Standard Time)"
  />
  <TextInput
    onChangeText={[Function]}
    testID="reminder-time"
    value="12:14"
  />
  <TextInput
    onChangeText={[Function]}
    testID="reminder-interval"
    value="3"
  />
  <TextInput
    onChangeText={[Function]}
    testID="reminder-repeat"
    value="2"
  />
  <View
    accessibilityRole="button"
    accessible={true}
    focusable={true}
    onClick={[Function]}
    onResponderGrant={[Function]}
    onResponderMove={[Function]}
    onResponderRelease={[Function]}
    onResponderTerminate={[Function]}
    onResponderTerminationRequest={[Function]}
    onStartShouldSetResponder={[Function]}
    style={
      {
        "opacity": 1,
      }
    }
  >
    <View
      style={
        [
          {},
        ]
      }
    >
      <Text
        style={
          [
            {
              "color": "#007AFF",
              "fontSize": 18,
              "margin": 8,
              "textAlign": "center",
            },
          ]
        }
      >
        Submit Details
      </Text>
    </View>
  </View>
  <Text
    testID="printed-username"
  >
    Reminder 1
  </Text>
</View>
`;
